100
100
PPPPPPPPPPPPPPPPPPPPPPPPPPPPPPPPPPPPPPPPPPPPPPPPPPPPPPPPPPPPPPPPPPPPPPPPPPPPPPPPPPPPPPPPPPPPPPPPPPPP
PPPPPPPPPPPPPPPPPPPPPPPPPPPPPPPPPPPPPPPPPPPPPPPPPPPPPPPPPPPPPPPPPPPPPPPPPPPPPPPPPPPPPPPPPPPPPPPPPPPP
PPPPPPPPPPPPPPPPPPPPPPPPPPPPPPPPPPPPPPPPPPPPPPPPPPPPPPPPPPPPPPPPPPPPPPPPPPPPPPPPPPPPPPPPPPPPPPPPPPPP
PPPTTTTTTTTTTTAAATTTTTTTTTTTTTTTTTTTTTTTTTTMMMMMMGGMMMMMTTTTTTTTBBBBBBTTTTTTTTTTTTTTTTTTTAABBBBBBPPP
PPPTTTTTTTTTTTAATTTTTTTTTTTTTTTTTTTTTTTTTMMMMMMMMKDMMMMMMTTTTTBBBBBBBBTTTTTTTTTTTTTTTTTTAAABBBBBBPPP
PPPTTTTTTTTTTAAATTTTTTTTTTTTTTTTTTMMMMMMMMMMMMMMMDKMMMMMMMMMMMMMBBBBBBTTTTTTTTTTTTTTTTTTAABBBTBTTPPP
PPPTTTTTTTTTAAATTTTTTTTTTTTTTTTTTTMMMMMMMMMSSSSSSSSSSSSMMMMMMMMMMBBBBBBTTTTTTTTTTTTTTTTAABBBBTBTTPPP
PPPTTTTTTTTTAATTTTTTTTTTTTTTTTTTMMMMMMMMMMSSSSSSSSSSSSSSMMMMMMMMMMMBBBBBTTTTTTTTTTTTTTTAABBBBBBTTPPP
PPPTTTTTTTTAAATTTTTTTTTTTTTTTTMMMMSSSSSSSSSSSSSMMSSMSMSSSSSSSSSSMMMMMMMBBTTTTTTTTTTTTTAABBBBBBBTTPPP
PPPTTTTTTTTAATTTTTTTTTTTTTTTTMMMMMSSSSSMSMMMSMMMMSSMSMXXSSSSSSSSSMMMMMMMBTTTTTTTTTTTTTAABBBBBBTTTPPP
PPPTTTTTTTAATTTTTTTTTTTTTTTMMMMMSSSMSMSMSMSSSMSSMSSMSMXXSMSMSSSSSSSSSMMMMMBBTTTTTTTTTTAABBBBTTTTTPPP
PPPTTTTTTTAATTTTTTTTTTTTMMMMMMMSSMMMSMSMSMSMMMSSMSSMMMSMSMSMSMSMSSSSSSMMMMMBTTTTTTTTTTAABBBBBBTTTPPP
PPPTTTTTTTAATTTTTTTTTTTMMMMMMSSSSMSSSMSMSMSSSSSMMSSMSSSMSMSMSMSMSSSSSSSMMMMMTTTTTTTTTTAABBBBBBBTTPPP
PPPTTTTTTAAATTTTTTTTTTMMMMMSSSSMSMSMMMSMMMMMMMMMMSSMMMSMMMSMSMMMSMMMMSSSSMMMMTTTTTTTTTTABBBBBBBTTPPP
PPPTTTTTAATTTTTTTTTTMMMMMMSSSSSMSMSMSMSSSSSSSMSSMSSMSMSMSSSMBBBBBMSSSMSSSSMMMMMBBTTTTTTAABBBBBBTTPPP
PPPTTTTAAATTTTTTTTTMMMMMSSSMMMSMSMSMSMMMMMMMSMSSMSSMSMSMSMMMBBBBBMSMSMSSSSSMMMMMBBTTTTTAABBBBBBBTPPP
PPPTTTAAATTTTTTTTTMMMMMSSSSMSSSMSMSSSMSSSMSSSMSSMSSMSSSMSMSSBSSSBMSMSMSMSSSSMMMMMBBTTTTTAABBBBBBTPPP
PPPTTAAATTTTTTTTTMMMMMSSSSSMMMSMSMMMTTTTTMSMSMSMMSSMMMMMSMMMBSBSBMSMSMSMMSSSSMMMMMBBTTTTAAABBBBBTPPP
PPPTAAATTTTTTTTTMMMMSSSSSSSSSMSMSSSMTTTTTMSMSMSTTSSTTSSMSSSKBSSSBMSMSSSMSSSSSSSMMMMBTTTTTAAABBBTTPPP
PPPAAATTTTTTTTTTMMMMSSSMMSSSSMMMSMMMTSSSTMSMMMMTTSSTTMSMSMMMBBBBBMSMMSMMSSBBSSSSMMMMTTTTTTAABBBBTPPP
PPPAATTTTTTTTTTMMMMSSSSMMMSSSSMMSSSSSSTSSSSSSSSSMSSTTMSMSSSMBBBBBMSMSSMSSSBBBSSSSMMMMTTTTTTAAABBBPPP
PPPATTTTTTTTTTMMMMSSSMMMMMSSSSSMSMSMTSSSTMMMMMMMMSSTTMSMMMSMSMMMMMSMSMSSSMMBBBSSSSMMMMBBTTTBAABBBPPP
PPPTTTTTTTTTTMMMMSSSSMSSSMSSSSSMSMSSTTTTTSSMSSSSMSSTTMSSSMSMSSSSSMSMMMSSMMSMBBBSSSSMMMMBTTTBBAABBPPP
PPPTTTTTTTTTMMMMSSSBBMSMSMSSSSSSMMSMTTTTTMSMSMMMMSSMSMMMSMSMMMMMSMMMSSSMMMSMMBBMSSSSMMMBTTTTBBAABPPP
PPPTTTTTTTTMMMMSSSBBBMSMSMSSSSSSMMSSSSSSSMSMSMSSSSSMSMSMSMSSSSSMSSMMSSSMSMSSSSKMSSSSSMMMTTTTTBAABPPP
PPPTTTTTTTTMMMSSSBBBSMSMMMSSSSSSSMMMSMSMMMSMSMSBBSSBBSSMSMMMMMSMMMMSSSMMSMMMMMSMMMMSSSMMMTTTTBBAAPPP
PPPTTTTTTTTMMMSSSBBKSSSMSMMSSSSSSSMMSSSMSSSMSSBBBSSBBBSMSSSMSMSMSMSSSMSMSSSSSMSSSSSSSSSMMTTTTTBBBPPP
PPPTTTTTTMMMMSSSMMMMMMMMMMMMSSSSSSSMSMSMSMMMSBBBBSSBBBBSMMSMSMSMSSSSSMSMSMMMSMMMMMSMSSSMMMTTTTBBBPPP
PPPTTTTTTMMMSSSMSSSMSSSMSSSMMSSSSSSMMMSMSSSMSBBBSSSSBBBSSSSMSSSMMMSSMMSMSMSSSMSSSMSMSSSMMMMTTTTBBPPP
PPPTTTTTTMMMSSSMSMSMSMSMSMMMMTTSSSSSSMSMSMSMSBBBSBBSBBBSMMMMMMTTMSSMMMSMSMSMSMMMSMSMMSSMMMMMTTTBBPPP
PPPTTTTTMMMSSSSSSMSMSMSSSMSSSTTTSSSSSMSSSMSMSBBBSBBSBBBSSSSSSTTTSSSMSMSMSMSMSSSSSMSSSMSSSMMMTTTTBPPP
PPPTTTTTMMSSSMMMMMSMSMMMMMSMMTTTSSSSSMMMMMSSSBBBSSSSBBBSSMMMTTTSSSTTMMSMMMSMMMMMSMMMSMSSSSMMTTTTTPPP
PPPTTTTMMMSSSMSSSMSSSMSSSSSMSMSMSSSSSSMSSSSSSBBBBSSBBBBSSMSSTTTSSMTTSMSSSSSMSSSMSMSMSSSSSSMMMMTTTPPP
PPPTTTMMSSSSSMMMSMMMMMMMMMSMSMSMMSSSSSMMSMMMSSBBBSSBBBSDSSSMMTSSSMMMSMMMMMMMMMSMSMSMMMMMSSMMMMTTTPPP
PPPTTTMMSSSMSSSSSSSSSSSMSSSMSSSMTTSSSSSSSMMSSSSBBSSBBSSSSMSSSSSSMMSSSMSSSSSSSMSMSSSMSSMMSSSMDGTTTPPP
PPPTTTMMSSMMMMAAAAAMMMSMSMMMMMSMTTSSSSSSSSMMMMSSSSSSSSSMSMSMSSMMMMSMSMMMSMMMSMSMMMSMSMMMSSSDDKGTTPPP
PPPTTTGKSSMMMMAAAAASSSSMSSSSSMSSSSMSSSSSSSMMSSSMSSSSSSSSSMMSSSSSSSSMSSSSSMSMSSSDAAAASMSSSSSSSKGTTPPP
PPPTTTGKSSSSSMMMMMDMMMMMSMMMSMMMMMSSSSSSSSMMSMSMMSSMMMMMMMMSSMMMSSSMMMMMMMSMMMSMAAAAMMSSSSSSSMMMTPPP
PPPTTMDDSSSSSSSSMMSMSSSMSSSMSSSMSSSMMSSSSSSMMMSSMSSMSSSSMSSSSMSSSMSSSSSSSMSSSSSMSSSSSSSSSSSSSMMMTPPP
PPPTMMMSSSSSSSSSSMMMSMSMMMBBBBBBSMSSSMSSSSSSMMMMMSSMMMSMMSSMMMMMMMSMSBBBBBBMMMMMSSSSSSSMMMMSSMMMTPPP
PPPTMMSSSMMMMMSSSSSMMMMMSBBBBBBBBMSMSMSSSSSSSMSSMSSMSMSMMSSSSMSMSSSMBBBBBBBBSSSSSSSSSSSMSSSSSMMMTPPP
PPPTMMSSSMSMMMMMMMSSSSMMBBBBAABBBBSSMMMSSSSSSMMMMSSMSMMMSSMMMMSMSMSBBBBBBBBKSSSSSMMMMMMMSMMSSMMMTPPP
PPPTMMSSSSSMSSSMSMMSSSSSSSBSAASBBBMSSSMMSSSSSSMMMSSMSSSMSMSMSSSSMMSBBSSSSSSSSSSMMSSMSSSMSSSSSMMMTPPP
PPPTMMSSMMMMSMSMMMMMMMSSSSSSBBSSBBMMMSSMMSSSSSSSMSSMSSMSMMSMSMMSSSSSSSSBBSSSBMMMMMMMMMMMSMMSSMMMTPPP
PPPTMMSSSSSMSMSSSSSSSMSSBBSSBBSSSSSSMMSSSMSSSSSSSSSSSSSSSSSMSMSSSSSSSSSBBSBBBSSMSSSSSSSSSMSSSMMMTPPP
PPPTMMSSSMSMSMMMMMMMSMMSBBBSSSSBSSSSMMMMSSMSGSSSSSSSSSSGSMSMMSSMMMMBBBSSSSBBBMMMSMMMMMMMMMSSSMMMTPPP
PPPTMMSSSMSSSMSSSMSSSMSSBBBBBBBBBBSSSSSMMMMSSGGGGSSGGGGSSMMSSSMMMSSBBBBAABBBBSSMSSSMSSSMSSSSSMMMTPPP
PPPTMMSSMMMMMMMMSMSMMMMMSBBBBBBBBMXXSSSSSSSSSGDDGGGGKKGSSSSSMMMMMMSMBBBAABBBMMSMMMSMSMMMSMMSSMMMMPPP
PPPTMMSSSMSSSSSSSMSMSSSSSSBBBBBBSMXXMMMMSSSSSGDDGGGGKKGSSSMMSSSSSMSMSBBBBBBMSMSSSMSMSMSSBBSSSMMMMPPP
PPPMMMSSSMSMSMMMSMSMMMSMMMMMSSSMSMSMMMMMMSSSSGGGGGGGGGGSSSSMSMMMSMSMMMSMMMSMSMMMSMSMSMSMBBSSSMMMMPPP
PPPMMMSSSMSMSMSSSMSSSSSMSSSMSSSSSMSSSBBBMMSSSSGGGXXGGGSSSSSMSSSMSMSSSMSMSSSMSSSMSSSMSMSKBBSSSSMMMPPP
PPPMMMSSMMSMSMMMMMMMMMMMSMSMSMSMSMMSSBBBMMSSSSGGGXXGGGSSSSSMMMMMSMMMMSSMSMMMSMSMMMMMSMMMBBSSSMMMBPPP
PPPMMMSSSSSMSSSSSSSSSSSMSMSMSMSSSMSSMMMMSSSSSGGGGGGGGGGSSSSSSMMMSMSSSSSMSMSMSMSSSMSSSSSSBBSSSMMMBPPP
PPPMMMSSSMMMMMMMMMMAAAAMMMSMSMSSMMMMSSSSSSSSSGKKGGGGDDGSSSSSSSSMSMSMSMMMSMSMSMSMSMMMMMSMBBSSSMMMBPPP
PPPTMMSSSMSSSSSSSMSAAAADKSSMTTTSMSSSSSSSSSSSSGKKGGGGDDGSSSSSSSSSSMMMSMSSSMSSSMSMSSSSSMSSSSSSSMMMBPPP
PPPTMMSSMMSMMMSMMMSAAAABBMMMTTTSSSSSSSSSMMMSSGGGGSSGGGGSSSSSSSSSSSSSSMMMTTTTMMSMMMMMSMSMMMMSSMMMBPPP
PPPTMMSSSMSSSMSMSSSAAAABBMMMSSSSSSSSSTTMSSSMGSSSSSSSSSSGSSSSSMSSSSSSSSSSTTTTMSSMSMSSSMSSSMSSSMMMBPPP
PPPTMMSSSMSMMMSMSMMMMMMMMSSSSSSSSSTTTTTMSMMSSSSSSSSSSSSSSSSSSMMMMMSSSSSSSSSSMMSMSMSMMMSMMMSSSMMMBPPP
PPPTMMSSSSSMSSSMMMMMMSSSSSSSSSMMMSTTTMSSSMMSSSSSMSSMSSSSSSSMMMSSSMMSSSSSSSSSSSSSMMMMSSSMSSSSSMMBBPPP
PPPTTMSSSMMSSMMMMSSSSSSSSSSMMMSMMSSMMMSMSMSSSMSSMSSMMSSSSSSMSMSMSMSMMMMMSSSSSSSSSSMMMMMMSMSSSMMBBPPP
PPPTTMMSSMSSMMSSSSSSSSSSMMMSSSSMSMSMSSSMSMSSMMMSMSSMMMMMSSSMMMSMSSSSSSSMMMMMMSSSSSSSSMMMMMSSMMMBBPPP
PPPTTMMSSSMSMSSSSSSSSMMMSMSMSMMMSMSMSMSMSSSMMMMMMSSMMMMMMSSSMMMMMSSMMMSMMMMMMMMMSSSSSSSSSSSSMMMBBPPP
PPPTTMMSSSSSSSSSSMMSMMSSSMSMSSSMSSSSMMMSSSSMSSSSMSSMSSSSMSSSSSSSMSMMMMSSSSSSSMSMMMMSSSSSSSSSMMMBBPPP
PPPTTMMMSSSSSSMMMMMSSSMMSMSMMMSMSMBBBBBBSSMMSMSMMSSMMMMMSMSSBBBBBBSSMMMMSMMMSMMMMMMMMMSSSSSMMMBBBPPP
PPPTTMMMSSSMMMMMSSSSSSSSSMSSSMSSSBBBBBBSSSMMSMSMMSSMSSSMSSSSSBBBBBBSMSSTSSSMSBBBBBBMSMMMMSSMMMBBBPPP
PPPTTTMMSSMMMMSMSMSMMMMMMMMMSMSMBBBBBBSSBBMMMMSMMSSMMMMMMMBSSSBBBBBBMMSMMMSMMBBBBBBMSMSMSSSMMBBBBPPP
PPPTTTMMSSSMSMSMSMSSSMSSSSSSSMSSBBBSSSSBBBSMSSSMMSSMSSSSSMBBSSSSSBBBSMSSSMSMKBBBBBBMSMSMSSSMMBBBBPPP
PPPTTMMMSSSMSMSMMMMMSMSMMMMMMMSMBBBSBBSBBBSSSSSSSSSSSSSSSSBBBSBBSBBBSMMMMMSMMBBBBBBMSMSSSSMMMBBBBPPP
PPPTTMMMSSSMSSSMSSSSSMSSSSSMSSSMBBBSBBSBBBSMSSSTTSSMSMSSSMBBBSBBSBBBSMSSSMSSSBBBBBBSSMSSSSMMMBBBBPPP
PPPTTTMMMSSSSMMMSMMMMMSAAADMMMSMBBBSSSSBBBSMSMSTTSSMSMSMMMBBBSSSSSBBMMMMSMSMSMMMSMMMMMSSSMMMBBBBBPPP
PPPTTTMMMMSSSMSMSSSSSSSAAASSSMSMBBSSBBBBBBSMSMSTTSSMSMSSSMBBBBBBSSBBSSSSSMSMSSSMSMSSSSSSSMMMBBBBBPPP
PPPTTTTMMMSSSMSMSMMMMMMAAAMMSMSMKSSBBBBBBSSMMMSTTSSMMMMMMMMBBBBBBSDMSMMMMMMMSMSMSMMMSSSSMMMBBBBBBPPP
PPPTTTTTMMMSSSSSSMSSSSSAAASSSMSSSSSBBBBBSSSSSSSTTSSMSMSSSSSMBBBBBSSMSSSSSSSMSMSMSSSSSSSSMMBBBBBBAPPP
PPPTTTTTTMMMSSMMMMSMMMSAAASMMMMMSSMMSSSMMMMMMMMTTSSMSMSMSMMMMMMMMSSSMMMMMMSMMMSMMMMSSSSMMMBBBBBAAPPP
PPPTTTTTTTMMSSSSSSSMSSSMSMSSSSSMSSMSSMSSSSSSSSSSMSSMSMSMSMSSSSSSMMSSSMAAAAASSSSMSSSSSSSMMBBBBBAAAPPP
PPPTTTTTTTMMMSSSMMMMSMMMSMMSSMMSSMSMMMMMMMMMMMMMMSSMSMSMSMSMMMMMMMSSSSAAAAAMMMSMSSSSSMMMMBBBBAAABPPP
PPPTTTTTTTMMMMSSSSSSSMSSSMSSMMSSMMSSSSSMSSSSSMSSMSSMSMSMAAAASSSSSMMSSSMMDAAMSSSMSSSSSMMMBBBBAAAABPPP
PPPTTTTTTTTMMMMSSSMMMMSMSMSMMSSSMMMMMMSMMMMMSMSMMSSTTMMMAAAADMMMMMMMSSSMMAAMSMMMSSSSMMMABBBBAABBBPPP
PPPTTTTTTTTTMMMSSSSMSSSMSMSMMSSMMSSSSMSSSSSSSMSSMSSTTMSSSSSMSMSSSSSMSSSSMAAMSMSSSSSSMMAAABBBAABBBPPP
PPPTTTTTTTTTTMMMSSSSMMSMSMMMSSMMSMSMMMMMMMMMSAAMMSSTTMSMMMSMMMSMMMMMMSSSMAAMSMSSSSMMMMBAAABAABBBBPPP
PPPTTTTTTTTTTMMMMMSSSSSMSMMSSSMSSMSMSSSSSSSMSAAMMSSTTMSMSMSSSSSMSSSMMSSSSMMMSSSSSMMMMBBAAAAAABBBBPPP
PPPTTTTTTTTTTTMMMMMSSSSMSMSSSMMMSMMMSMMMMMSMSAAMMSSMSMSMSMMMMMMMSMSMMMSSSSMMSSSMMMMMBBBBAAAABBBBBPPP
PPPTTTTTTTTTTTTTMMMSSSSSMMSSMMSMSSSSSSSSSMSMSAADMSSMSSSSSSSSSMSSSMSMSMMSSSSSSSSMMMMTBBBBBAAABBBBBPPP
PPPTTTTTTTTTTTTTTMMMMSSSSSSMMMSMSMMMMMMMMMSMSMSMMSSMMMMMMMMMSMSMMMSMSMMMSSSSSSMMMMTBBBBBBBAAABBBBPPP
PPPTTTTTTTTTTTTTTTMMMMSSSSSMSSSMSMSSSMSSSSSMSMSSMSSMSSSSSMSMSMSSSMSSSMSMSSSSSMMMMTTBBBBBBBBAAABBBPPP
PPPTTTTTTTTTTTTTTTTMMMMDSSSSSMMMSMMMSMSMMMSMSMMMMSSMMMMMSMSMSMMMSMMMSMSSSSSSKMMMTTTBBBBBBBBBAABBBPPP
PPPTTTTTTTTTTTTTTTTTMMDKGSSSSMSSSMSSSMSSSMSMSSSMMSSMSSSMSMSSSMSSSMSMSSSSSSSKDGMTTTBBBBBBBBBBAAAABPPP
PPPTTTTTTTTTTTTTTTTTMMGGKMSSSSSMMMSMMMMMSMSMMMSMMSSMMMSMSMSMMMSMMMSSSSSSMMMMGTTTBBBBBBBBBBBBBAAAAPPP
PPPTTTTTTTTTTTTTTTTTTTTGMMMSSSSSSSSMSSSSSMSMSMSSMSSMSSSMSMSSSSSMSSSSSSSMMMMMTTTTBTTBBBBBBBBBBBBAAPPP
PPPTTTTTTTTTTTTTTTTTTTTTMMMMMSSSSSSSSMMMMMSMSMXXMSSMSMMMSMMMMSSSSSSMMMMMMMTTTTTTTTTBBBBBBBBBBBBAAPPP
PPPTTTTTTTTTTTTTTTTTTTTTMMMMMMMSSSSSSSSSSMSSSSXXMSSMSSSMSSSSSSSSSSMMMMMMTTTTTBBTTBBBBBBBBBBBBBBBBPPP
PPPTTTTTTTTTTTTTTTTTTTTTTTTMMMMMMMMSSSSSSSSSSSSSSSSSSSSSSSSSSSSMMMMMMMMTTTTTTTTTTBTTBBBBBBBBBBBBBPPP
PPPTTTTTTTTTTTTTTTTTTTTTTTTTTMMMMMMMSSSSSSSSSSSSSSSSSSSSSSSSMMMMMMMMMTTTTTTTTTTTBBTTBBBBBBBBBBBBBPPP
PPPTTTTTTTTTTTTTTTTTTTTTTTTTTTTTMMMMMMMMMMMMSMMMMSSMMMMMMMMMMMMMMMTTTTTTTTTTTTBBTTTTBTTBBBBBBBBBBPPP
PPPTTTTTTTTTTTTTTTTTTTTTTTTTTTTTTTTMMMMMMMMMMMMMMMMMMMMMMMMMMMMTTTTTTTTTTTTTTTTTTTBBBTTBBBBBBBBBBPPP
PPPTTTTTTTTTTTTTTTTTTTTTTTTTTTTTTTTMMMMMMMMMMMMMMMMMMMMMMMMMTTTTTTTTTTTTTTTTTTTTTBTTTTBBTBBBBBBBBPPP
PPPTTTTTTTTTTTTTTTTTTTTTTTTTTTTTTTTTTTTTTTTTTMMMTMMTTTTTTTTTTTTTTTTTTTTTTTTTTTTTTTTTTBBTTTTTTBBBBPPP
PPPPPPPPPPPPPPPPPPPPPPPPPPPPPPPPPPPPPPPPPPPPPPPPPPPPPPPPPPPPPPPPPPPPPPPPPPPPPPPPPPPPPPPPPPPPPPPPPPPP
PPPPPPPPPPPPPPPPPPPPPPPPPPPPPPPPPPPPPPPPPPPPPPPPPPPPPPPPPPPPPPPPPPPPPPPPPPPPPPPPPPPPPPPPPPPPPPPPPPPP
PPPPPPPPPPPPPPPPPPPPPPPPPPPPPPPPPPPPPPPPPPPPPPPPPPPPPPPPPPPPPPPPPPPPPPPPPPPPPPPPPPPPPPPPPPPPPPPPPPPP
