100
100
PPPPPPPPPPPPPPPPPPPPPPPPPPPPPPPPPPPPPPPPPPPPPPPPPPPPPPPPPPPPPPPPPPPPPPPPPPPPPPPPPPPPPPPPPPPPPPPPPPPP
PPPPPPPPPPPPPPPPPPPPPPPPPPPPPPPPPPPPPPPPPPPPPPPPPPPPPPPPPPPPPPPPPPPPPPPPPPPPPPPPPPPPPPPPPPPPPPPPPPPP
PPPPPPPPPPPPPPPPPPPPPPPPPPPPPPPPPPPPPPPPPPPPPPPPPPPPPPPPPPPPPPPPPPPPPPPPPPPPPPPPPPPPPPPPPPPPPPPPPPPP
PPPTTTTTTTTTTTAAATTTTTTTTTTTTTTTTTTTTTTTTTTMMMMMMGGMMMMMTTTTTTTTBBBBBBTTTTTTTTTTTTTTTTTTTAABBBBBBPPP
PPPTTTTTTTTTTTAATTTTTTTTTTTTTTTTTTTTTTTTTMMMMMMMMKDMMMMMMTTTTTBBBBBBBBTTTTTTTTTTTTTTTTTTAAABBBBBBPPP
PPPTTTTTTTTTTAAATTTTTTTTTTTTTTTTTTMMMMMMMMMMMMMMMDKMMMMMMMMMMMMMBBBBBBTTTTTTTTTTTTTTTTTTAABBBTBTTPPP
PPPTTTTTTTTTAAATTTTTTTTTTTTTTTTTTTMMMMMMMMMSSSSSSSSSSSSMMMMMMMMMMBBBBBBTTTTTTTTTTTTTTTTAABBBBTBTTPPP
PPPTTTTTTTTTAATTTTTTTTTTTTTTTTTTMMMMMMMMMMSSSSSSSSSSSSSSMMMMMMMMMMMBBBBBTTTTTTTTTTTTTTTAABBBBBBTTPPP
PPPTTTTTTTTAAATTTTTTTTTTTTTTTTMMMMSSSSSSSSSSSSSMMSSMSMSSSSSSSSSSMMMMMMMBBTTTTTTTTTTTTTAABBBBBBBTTPPP
PPPTTTTTTTTAATTTTTTTTTTTTTTTTMMMMMSSSSSMSMMMSMMMMSSMSMXXSSSSSSSSSMMMMMMMBTTTTTTTTTTTTTAABBBBBBTTTPPP
PPPTTTTTTTAATTTTTTTTTTTTTTTMMMMMSSSMSMSMSMSSSMSSMSSMSMXXSMSMSSSSSSSSSMMMMMBBTTTTTTTTTTAABBBBTTTTTPPP
PPPTTTTTTTAATTTTTTTTTTTTMMMMMMMSSMMMSMSMSMSMMMSSMSSMMMSMSMSMSMSMSSSSSSMMMMMBTTTTTTTTTTAABBBBBBTTTPPP
PPPTTTTTTTAATTTTTTTTTTTMMMMMMSSSSMSSSMSMSMSSSSSMMSSMSSSMSMSMSMSMSSSSSSSMMMMMTTTTTTTTTTAABBBBBBBTTPPP
PPPTTTTTTAAATTTTTTTTTTMMMMMSSSSMSMSMMMSMMMMMMMMMMSSMMMSMMMSMSMMMSMMMMSSSSMMMMTTTTTTTTTTABBBBBBBTTPPP
PPPTTTTTAATTTTTTTTTTMMMMMMSSSSSMSMSMSMSSSSSSSMSSMSSMSMSMSSSMBBBBBMSSSMSSSSMMMMMBBTTTTTTAABBBBBBTTPPP
PPPTTTTAAATTTTTTTTTMMMMMSSSMMMSMSMSMSMMMMMMMSMSSMSSMSMSMSMMMBBBBBMSMSMSSSSSMMMMMBBTTTTTAABBBBBBBTPPP
PPPTTTAAATTTTTTTTTMMMMMSSSSMSSSMSMSSSMSSSMSSSMSSMSSMSSSMSMSSBSSSBMSMSMSMSSSSMMMMMBBTTTTTAABBBBBBTPPP
PPPTTAAATTTTTTTTTMMMMMSSSSSMMMSMSMMMTTTTTMSMSMSMMSSMMMMMSMMMBSBSBMSMSMSMMSSSSMMMMMBBTTTTAAABBBBBTPPP
PPPTAAATTTTTTTTTMMMMSSSSSSSSSMSMSSSMTTTTTMSMSMSTTSSTTSSMSSSKBSSSBMSMSSSMSSSSSSSMMMMBTTTTTAAABBBTTPPP
PPPAAATTTTTTTTTTMMMMSSSMMSSSSMMMSMMMTSSSTMSMMMMTTSSTTMSMSMMMBBBBBMSMMSMMSSBBSSSSMMMMTTTTTTAABBBBTPPP
PPPAATTTTTTTTTTMMMMSSSSMMMSSSSMMSSSSSSTSSSSSSSSSMSSTTMSMSSSMBBBBBMSMSSMSSSBBBSSSSMMMMTTTTTTAAABBBPPP
PPPATTTTTTTTTTMMMMSSSMMMMMSSSSSMSMSMTSSSTMMMMMMMMSSTTMSMMMSMSMMMMMSMSMSSSMMBBBSSSSMMMMBBTTTBAABBBPPP
PPPTTTTTTTTTTMMMMSSSSMSSSMSSSSSMSMSSTTTTTSSMSSSSMSSTTMSSSMSMSSSSSMSMMMSSMMSMBBBSSSSMMMMBTTTBBAABBPPP
PPPTTTTTTTTTMMMMSSSBBMSMSMSSSSSSMMSMTTTTTMSMSMMMMSSMSMMMSMSMMMMMSMMMSSSMMMSMMBBMSSSSMMMBTTTTBBAABPPP
PPPTTTTTTTTMMMMSSSBBBMSMSMSSSSSSMMSSSSSSSMSMSMSSSSSMSMSMSMSSSSSMSSMMSSSMSMSSSSKMSSSSSMMMTTTTTBAABPPP
PPPTTTTTTTTMMMSSSBBBSMSMSMSSSSSSSMMMSMSMMMSMSMSBBSSBBSSMSMMMMMSMMMMSSSMMSMMMMMSMMMMSSSMMMTTTTBBAAPPP
PPPTTTTTTTTMMMSSSBBKSSSMSMMSSSSSSSMMSSSMSSSMSSBBBSSBBBSMSSSMSMSMSMSSSMSMSSSSSMSSSSSSSSSMMTTTTTBBBPPP
PPPTTTTTTMMMMSSSMMMMMMMMSMMMSSSSSSSMSMSMSMMMSBBBBSSBBBBSMMSMSMSMSSSSSMSMSMMMSMMMMMSMSSSMMMTTTTBBBPPP
PPPTTTTTTMMMSSSMSSSMSSSMSSSMMSSSSSSMMMSMSSSMSBBBSSSSBBBSSSSMSSSMMMSSMMSMSMSSSMSSSMSMSSSMMMMTTTTBBPPP
PPPTTTTTTMMMSSSMSMSMSMSMSMMMMTTSSSSSSMSMSMSMSBBBSBBSBBBSMMMMMMTTMSSMMMSMSMSMSMMMSMSMMSSMMMMMTTTBBPPP
PPPTTTTTMMMSSSSSSMSMSMSSSMSSSTTTSSSSSMSSSMSMSBBBSBBSBBBSSSSSSTTTSSSMSMSMSMSMSSSSSMSSSMSSSMMMTTTTBPPP
PPPTTTTTMMSSSMMMMMSMSMMMMMSMMTTTSSSSSMMMMMSSSBBBSSSSBBBSSMMMTTTSSSTTSMSMMMSMMMMMSMMMSMSSSSMMTTTTTPPP
PPPTTTTMMMSSSMSSSMSSSMSSSSSMSMSMSSSSSSMSSSSSSBBBBSSBBBBSSMSSTTTSSMTTSMSSSSSMSSSMSMSMSSSSSSMMMMTTTPPP
PPPTTTMMSSSSSMMMSMMMMMMMMMSMSMSMMSSSSSMMSMMMSSBBBSSBBBSDSSSMMTSSSMMMSMMMMMMMMMSMSMSMMMMMSSMMMMTTTPPP
PPPTTTMMSSSMSSSSSSSSSSSMSSSMSSSMTTSSSSSSSMMSSSSBBSSBBSSSSMSSSSSSMMSSSMSSSSSSSMSMSSSMSSMMSSSMDGTTTPPP
PPPTTTMMSSMMMMAAAAAMMMSMSMMMMMSMTTSSSSSSSSMMMMSSSSSSSSSMSMSMSSMMMMSMSMMMSMMMSMSMMMSMSMMMSSSDDKGTTPPP
PPPTTTGKSSMMMMAAAAASSSSMSSSSSMSSSSMSSSSSSSMMSSSMSSSSSSSSSMMSSSSSSSSMSSSSSMSMSSSDAAAASMSSSSSSSKGTTPPP
PPPTTTGKSSSSSMMMMMDMMMSMSMMMSMMMMMSSSSSSSSMMSMSMMSSMMMMMMMMSSMMMSSSMMMMMMMSMMMSMAAAAMMSSSSSSSMMMTPPP
PPPTTMDDSSSSSSSSMMSMSSSMSSSMSSSMSSSMMSSSSSSMMMSSMSSMSSSSSSSSSMSSSMSSSSSSSMSSSSSMSSSSSSSSSSSSSMMMTPPP
PPPTMMMSSSSSSSSSSMMMSMSMMMBBBBBBSMSSSMSSSSSSMMSMMSSMMMSMMSSMMMMMMMSMSBBBBBBMMMMMSSSSSSSMMMMSSMMMTPPP
PPPTMMSSSMMMMMSSSSSMMMMMSBBBBBBBBMSMSMSSSSSSSMSSMSSMSMSMMSSSSMSMSSSMBBBBBBBBSSSSSSSSSSSMSSSSSMMMTPPP
PPPTMMSSSMSMMMMMMMSSSSMMBBBBAABBBBSSMMMSSSSSSMMMMSSMSMSMSSMMMMSMSMSBBBBBBBBKSSSSSMMMMMMMSMMSSMMMTPPP
PPPTMMSSSSSMSSSMSMMSSSSSSSBSAASBBBMSSSMMSSSSSSMMMSSMSSSMSMSMSSSSMMSBBSSSSSSSSSSMMSSSSSSMSSSSSMMMTPPP
PPPTMMSSMMMMSMSMSMMMMMSSSSSSBBSSBBMMMSSMMSSSSSSSMSSMSSMSMMSMSMMSSSSSSSSBBSSSBMMMMMMSMMMMSMMSSMMMTPPP
PPPTMMSSSSSMSMSSSSSSSMSSBBSSBBSSSSSSMMSSSMSSSSSSSSSSSSSSSSSMSMSSSSSSSSSBBSBBBSSMSSSSSSSSSMSSSMMMTPPP
PPPTMMSSSMSMSMMMMMMMSMMSBBBSSSSBSSSSMMMMSSMSGSSSSSSSSSSGSMSMMSSMMMMBBBSSSSBBBMMMSMMMMMMMMMSSSMMMTPPP
PPPTMMSSSMSSSMSSSMSSSMSSBBBBBBBBBBSSSSSMMMMSSGGGGSSGGGGSSMMSSSMMMSSBBBBAABBBBSSMSSSMSSSMSSSSSMMMTPPP
PPPTMMSSMMMMMMMMSMSMMMMMSBBBBBBBBMXXSSSSSSSSSGDDGGGGKKGSSSSSMMMMMMSMBBBAABBBMMSMMMSMSMMMSMMSSMMMMPPP
PPPTMMSSSMSSSSSSSMSMSSSSSSBBBBBBSMXXMMMMSSSSSGDDGGGGKKGSSSMMSSSSSMSMSBBBBBBMSMSSSMSMSMSSBBSSSMMMMPPP
PPPMMMSSSMSMSMMMSMSMMMSMMMMMSSSMSMSMMMMMMSSSSGGGGGGGGGGSSSSMSMMMSMSMMMSMMMSMSMMMSMSMSMSMBBSSSMMMMPPP
PPPMMMSSSMSMSMSSSMSSSSSMSSSMSSSSSMSSSBBBMMSSSSGGGXXGGGSSSSSMSSSMSMSSSMSMSSSMSSSMSSSMSMSKBBSSSSMMMPPP
PPPMMMSSMMSMSMMMMMMMMMMMSMSMSMSMSMMSSBBBMMSSSSGGGXXGGGSSSSSMMMMMSMMMMSSMSMMMSMSMMMMMSMMMBBSSSMMMBPPP
PPPMMMSSSSSMSSSSSSSSSSSMSMSMSMSSSMSSMMMMSSSSSGGGGGGGGGGSSSSSSMMMSMSSSSSMSMSMSMSSSMSSSSSSBBSSSMMMBPPP
PPPMMMSSSMMMMMMMMMMAAAAMMMSMSMSSMMMMSSSSSSSSSGKKGGGGDDGSSSSSSSSMSMSMSMMMSMSMSMSMSMMMMMSMBBSSSMMMBPPP
PPPTMMSSSMSSSSSSSMSAAAADKSSMTTTSMSSSSSSSSSSSSGKKGGGGDDGSSSSSSSSSSMMMSMSSSMSSSMSMSSSSSMSSSSSSSMMMBPPP
PPPTMMSSMMSMMMSMMMSAAAABBMMMTTTSSSSSSSSSMMMSSGGGGSSGGGGSSSSSSSSSSSSSSMMMTTTTMMSMSMMMSMSMMMMSSMMMBPPP
PPPTMMSSSMSSSMSMSSSAAAABBMMMSSSSSSSSSTTMSSSMGSSSSSSSSSSGSSSSSMSSSSSSSSSSTTTTMSSMSMSSSMSSSMSSSMMMBPPP
PPPTMMSSSMSMMMSMSMMMMMMMMSSSSSSSSSTTTTTMSMMSSSSSSSSSSSSSSSSSSMMMMMSSSSSSSSSSMMSMSMSMMMSMMMSSSMMMBPPP
PPPTMMSSSSSMSSSMMMMMMSSSSSSSSSMMMSTTTMSSSMMSSSSSMSSMSSSSSSSMMMSSSMMSSSSSSSSSSSSSMMMMSSSMSSSSSMMBBPPP
PPPTTMSSSMMSSMMMMSSSSSSSSSSMMMSMMSSMMMSMSMSSSMSSMSSMMSSSSSSMSSSMSMSSMMMMSSSSSSSSSSMMMMMMSMSSSMMBBPPP
PPPTTMMSSMSSMMSSSSSSSSSSMMMSSSSMSMSMSSSMSMSSMMMSMSSMMMMMSSSMMMSMSSSSSSSMMMMMMSSSSSSSSMMMMMSSMMMBBPPP
PPPTTMMSSSMSMSSSSSSSSMMMSMSMSMMMSMSMSMSMSSSMMMMMMSSMSSSSMSSSMMMMMSSMSSSMSSMSMMMMSSSSSSSSSSSSMMMBBPPP
PPPTTMMSSSSSSSSSSMMSMMSSSMSMSSSMSSSSMMMSSSSMSSSSMSSMSSSSMSSSSSSSMSMMMMSSSSSSSSSMMMMSSSSSSSSSMMMBBPPP
PPPTTMMMSSSSSSMMMMMSSSMMSMSMMMSMSMBBBBBBSSMMSMSMMSSMMSMMSMSSBBBBBBSSMMMMSMMMSMMMMMMMMMSSSSSMMMBBBPPP
PPPTTMMMSSSMMMMMSSSSSSSSSMSSSMSSSBBBBBBSSSMMSMSMMSSMSSSMSSSSSBBBBBBSMSSTSSSMSBBBBBBMSMMMMSSMMMBBBPPP
PPPTTTMMSSMMMMSMSMSMMMMMMMMMSMSMBBBBBBSSBBMMMMSMMSSMSMMMMMBSSSBBBBBBMMSMMMSMMBBBBBBMSMSMSSSMMBBBBPPP
PPPTTTMMSSSMSMSMSMSSSMSSSSSSSMSSBBBSSSSBBBSMSSSMMSSMSSSSSMBBSSSSSBBBSMSSSMSMKBBBBBBMSMSMSSSMMBBBBPPP
PPPTTMMMSSSMSMSMMMMMSMSMMMMMMMSMBBBSBBSBBBSSSSSSSSSSSSSSSSBBBSBBSBBBSMMMMMSMMBBBBBBMSMSSSSMMMBBBBPPP
PPPTTMMMSSSMSSSMSSSSSMSSSSSMSSSMBBBSBBSBBBSMSSSTTSSMSMSSSMBBBSBBSBBBSMSSSMSSSBBBBBBSSMSSSSMMMBBBBPPP
PPPTTTMMMSSSSMMMSMMMMMSAAADMMMSMBBBSSSSBBBSMSMSTTSSMSMSMMMBBBSSSSSBBMMMMSMSMSMMMSMMMMMSSSMMMBBBBBPPP
PPPTTTMMMMSSSMSMSSSSSSSAAASSSMSMBBSSBBBBBBSMSMSTTSSMSMSSSMBBBBBBSSBBSSSSSMSMSSSMSMSSSSSSSMMMBBBBBPPP
PPPTTTTMMMSSSMSMSMMMMMMAAAMMSMSMKSSBBBBBBSSMMMSTTSSMMMMMMMMBBBBBBSDMSMMMMMMMSMSMSMMMSSSSMMMBBBBBBPPP
PPPTTTTTMMMSSSSSSMSSSSSAAASSSMSSSSSBBBBBSSSSSSSTTSSMSMSSSSSMBBBBBSSMSSSSSSSMSMSMSSSSSSSSMMBBBBBBAPPP
PPPTTTTTTMMMSSMMMMSMMMSAAASMMMMMSSMMSSSMMMMMMMMTTSSMSMSMSMMMMMMMMSSSMMMMMMSMMMSMMMMSSSSMMMBBBBBAAPPP
PPPTTTTTTTMMSSSSSSSMSSSMSMSSSSSMSSMSSMSSSSSSSSSSMSSMSMSMSMSSSSSSMMSSSMAAAAASSSSMSSSSSSSMMBBBBBAAAPPP
PPPTTTTTTTMMMSSSMMMMSMMMSMMSSMMSSMSMMMMMMMMMMMMMMSSMSMSMSMSMMMMMMMSSSSAAAAAMMMSMSSSSSMMMMBBBBAAABPPP
PPPTTTTTTTMMMMSSSSSSSMSSSMSSMMSSMMSSSSSMSSSSSMSSMSSMSMSMAAAASSSSSMMSSSMMDAAMSSSMSSSSSMMMBBBBAAAABPPP
PPPTTTTTTTTMMMMSSSMMMMSMSMSMMSSSMMMSMMSMMMMMSMSMMSSTTMMMAAAADMMMMMMMSSSMMAAMSMMMSSSSMMMABBBBAABBBPPP
PPPTTTTTTTTTMMMSSSSMSSSMSMSMMSSMMSSSSMSSSSSSSMSSMSSTTMSSSSSMSMSSSSSMSSSSMAAMSMSSSSSSMMAAABBBAABBBPPP
PPPTTTTTTTTTTMMMSSSSMMSMSMMMSSMMSMSMMMMMMMMMSAAMMSSTTMSMMMSMMMSMMMMMMSSSMAAMSMSSSSMMMMBAAABAABBBBPPP
PPPTTTTTTTTTTMMMMMSSSSSMSMMSSSMSSMSMSSSSSSSMSAAMMSSTTMSMSMSSSSSMSSSMMSSSSMMMSSSSSMMMMBBAAAAAABBBBPPP
PPPTTTTTTTTTTTMMMMMSSSSMSMSSSMMMSMMMSMMMMMSMSAAMMSSMSMSMSMMMMMMMSMSMMMSSSSMMSSSMMMMMBBBBAAAABBBBBPPP
PPPTTTTTTTTTTTTTMMMSSSSSMMSSMMSMSSSSSSSSSMSMSAADMSSMSSSSSSSSSMSSSMSMSMMSSSSSSSSMMMMTBBBBBAAABBBBBPPP
PPPTTTTTTTTTTTTTTMMMMSSSSSSMMMSMSMMMMMMMMMSMSMSMMSSMMMMMMMMMSMSMMMSMSMMMSSSSSSMMMMTBBBBBBBAAABBBBPPP
PPPTTTTTTTTTTTTTTTMMMMSSSSSMSSSMSMSSSMSSSSSMSMSSMSSMSSSSSMSMSMSSSMSSSMSMSSSSSMMMMTTBBBBBBBBAAABBBPPP
PPPTTTTTTTTTTTTTTTTMMMMDSSSSSMMMSMMMSMSMMMSMSMMMMSSMMMMMSMSMSMMMSMMMSMSSSSSSKMMMTTTBBBBBBBBBAABBBPPP
PPPTTTTTTTTTTTTTTTTTMMDKGSSSSMSSSMSSSMSSSMSMSSSMMSSMSSSMSMSSSMSSSMSMSSSSSSSKDGMTTTBBBBBBBBBBAAAABPPP
PPPTTTTTTTTTTTTTTTTTMMGGKMSSSSSMMMSMMMMMSMSMMMSMMSSMMMSMSMSMMMSMMMSSSSSSMMMMGTTTBBBBBBBBBBBBBAAAAPPP
PPPTTTTTTTTTTTTTTTTTTTTGMMMSSSSSSSSMSSSSSMSMSMSSMSSMSSSMSMSSSSSMSSSSSSSMMMMMTTTTBTTBBBBBBBBBBBBAAPPP
PPPTTTTTTTTTTTTTTTTTTTTTMMMMMSSSSSSSSMMMMMSMSMXXMSSMSMMMSMMMMSSSSSSMMMMMMMTTTTTTTTTBBBBBBBBBBBBAAPPP
PPPTTTTTTTTTTTTTTTTTTTTTMMMMMMMSSSSSSSSSSMSSSSXXMSSMSSSMSSSSSSSSSSMMMMMMTTTTTBBTTBBBBBBBBBBBBBBBBPPP
PPPTTTTTTTTTTTTTTTTTTTTTTTTMMMMMMMMSSSSSSSSSSSSSSSSSSSSSSSSSSSSMMMMMMMMTTTTTTTTTTBTTBBBBBBBBBBBBBPPP
PPPTTTTTTTTTTTTTTTTTTTTTTTTTTMMMMMMMSSSSSSSSSSSSSSSSSSSSSSSSMMMMMMMMMTTTTTTTTTTTBBTTBBBBBBBBBBBBBPPP
PPPTTTTTTTTTTTTTTTTTTTTTTTTTTTTTMMMMMMMMMMMMSMMMMSSMMMMMMMMMMMMMMMTTTTTTTTTTTTBBTTTTBTTBBBBBBBBBBPPP
PPPTTTTTTTTTTTTTTTTTTTTTTTTTTTTTTTTMMMMMMMMMMMMMMMMMMMMMMMMMMMMTTTTTTTTTTTTTTTTTTTBBBTTBBBBBBBBBBPPP
PPPTTTTTTTTTTTTTTTTTTTTTTTTTTTTTTTTMMMMMMMMMMMMMMMMMMMMMMMMMTTTTTTTTTTTTTTTTTTTTTBTTTTBBTBBBBBBBBPPP
PPPTTTTTTTTTTTTTTTTTTTTTTTTTTTTTTTTTTTTTTTTTTMMMTMMTTTTTTTTTTTTTTTTTTTTTTTTTTTTTTTTTTBBTTTTTTBBBBPPP
PPPPPPPPPPPPPPPPPPPPPPPPPPPPPPPPPPPPPPPPPPPPPPPPPPPPPPPPPPPPPPPPPPPPPPPPPPPPPPPPPPPPPPPPPPPPPPPPPPPP
PPPPPPPPPPPPPPPPPPPPPPPPPPPPPPPPPPPPPPPPPPPPPPPPPPPPPPPPPPPPPPPPPPPPPPPPPPPPPPPPPPPPPPPPPPPPPPPPPPPP
PPPPPPPPPPPPPPPPPPPPPPPPPPPPPPPPPPPPPPPPPPPPPPPPPPPPPPPPPPPPPPPPPPPPPPPPPPPPPPPPPPPPPPPPPPPPPPPPPPPP
